---
source: tests/cli_list.rs
expression: out
---
d3 -> C:\projects\d3
  d  -> Data  (uProject)
  notes  -> docs\notes
  sd  -> Shared/Data  (uProject)
  src  -> Source  (uProject)
    pri  -> Private  (uProject)
    pub  -> Public  (uProject)

Commands:
  -bse = a\ b
  -c = code
  -cc = claude
  -g = git status
  -sq = echo 'hello world'
  -vsc = open -a "Visual Studio Code"

Templates:
  uProject
